// Jest Snapshot v1, https://goo.gl/fbAQLP

exports[`Sample Component it should match the snapshot 1`] = `
<DocumentFragment>
  <div
    class="p-4 border "
  >
    Some component!
  </div>
</DocumentFragment>
`;
